// Vitest Snapshot v1, https://vitest.dev/guide/snapshot.html

exports[`Kbd > matches the snapshot 1`] = `
<kbd
  class="rounded shadow-2xl border border-foreground/20 p-1.5 leading-[50%]"
>
  Ctrl
</kbd>
`;

exports[`matches the snapshot 1`] = `
<kbd
  class="rounded shadow-2xl border border-foreground/20 p-1.5 leading-[50%]"
>
  Ctrl
</kbd>
`;
