// Vitest Snapshot v1, https://vitest.dev/guide/snapshot.html

exports[`MaintenanceMode > should match snapshot 1`] = `
<div
  class="relative w-full h-full grid place-content-center sm:items-center"
>
  <article
    class="relative flex flex-col gap-5 items-center text-center"
  >
    <header
      class="flex flex-col text-center"
    >
      <div
        class="inline-flex flex-col text-center items-end"
      >
        <svg
          aria-hidden="true"
          class="text-primary-500 h-[1.895rem] w-[1.895rem] animate-pulse shrink-0"
          fill="none"
          viewBox="0 0 500 500"
          xmlns="http://www.w3.org/2000/svg"
        >
          <rect
            fill="currentColor"
            height="192.283"
            transform="matrix(0.814781 0.579768 -0.80486 0.593464 154.761 0)"
            width="219.719"
          />
          <rect
            fill="currentColor"
            height="428.961"
            transform="matrix(0.814781 0.579768 -0.80486 0.593464 346.04 135.875)"
            width="188.959"
          />
        </svg>
        <span
          class="heading-lg"
        >
          Nightstem
        </span>
      </div>
      <h1
        class="sr-only"
      >
        Nightstem
      </h1>
    </header>
    <p
      class="text-neutral-400"
    >
      This page is under construction
    </p>
  </article>
  <span
    class="absolute bottom-4 right-4 text-caption text-neutral-400 font-mono"
  >
    v
    1.0.0
  </span>
</div>
`;
