// Vitest Snapshot v1, https://vitest.dev/guide/snapshot.html

exports[`matches snapshot 1`] = `
<div>
  <main
    class="w-dvw h-dvh grid place-content-center sm:items-center"
  >
    <article
      class="flex flex-col gap-7"
    >
      <h1
        class="flex flex-col text-center"
      >
        <img
          alt="logo"
          class="self-end mr-6 animate-pulse"
          height="32"
          src="/logo.webp"
          width="32"
        />
        <span
          class="heading-lg"
        >
          Nightstem
        </span>
      </h1>
      <span
        class="text-neutral-500"
      >
        This page is under construction
      </span>
    </article>
  </main>
</div>
`;
