// Vitest Snapshot v1, https://vitest.dev/guide/snapshot.html

exports[`matches snapshot 1`] = `
<div>
  <main
    class="relative w-dvw h-dvh bg-black overflow-hidden text-white grid place-content-center sm:items-center"
  >
    <article
      class="relative flex flex-col gap-5 items-center text-center"
    >
      <header
        class="flex flex-col text-center"
      >
        <img
          alt="logo"
          class="self-end animate-pulse"
          height="32"
          src="/logo.webp"
          width="32"
        />
        <h1
          class="heading-lg"
        >
          Nightstem
        </h1>
      </header>
      <span
        class="text-neutral-500 text-sm tracking-wide"
      >
        This page is under construction
      </span>
    </article>
    <span
      class="absolute bottom-4 right-4 text-xs text-neutral-400 opacity-60 font-mono"
    >
      v
    </span>
  </main>
</div>
`;
