// Vitest Snapshot v1, https://vitest.dev/guide/snapshot.html

exports[`Snapshots > matches snapshot for disabled state 1`] = `
<button
  class="font-medium whitespace-nowrap select-none cursor-pointer disabled:cursor-not-allowed transition-colors duration-200 motion-reduce:transition-none ring-offset-dark focus-visible:ring-2 focus-visible:ring-offset-2 focus-visible:outline-none text-base px-4 py-2 rounded-md text-dark bg-primary-500 hover:bg-primary-400 active:bg-primary-400 focus-visible:ring-primary-500 disabled:opacity-60 disabled:hover:bg-primary-500 disabled:active:bg-primary-500"
  disabled=""
  type="button"
>
  Button
</button>
`;

exports[`Snapshots > matches snapshot for ghost variant with neutral color, lg size, and circle shape 1`] = `
<button
  class="font-medium whitespace-nowrap select-none cursor-pointer disabled:cursor-not-allowed transition-colors duration-200 motion-reduce:transition-none ring-offset-dark focus-visible:ring-2 focus-visible:ring-offset-2 focus-visible:outline-none text-lg px-5 py-2.5 rounded-full text-neutral-400 bg-transparent hover:text-dark hover:bg-neutral-400/60 active:bg-neutral-400/60 focus-visible:ring-neutral-400 disabled:opacity-60 disabled:hover:text-neutral-400 disabled:hover:bg-transparent disabled:active:bg-transparent"
  type="button"
>
  Button
</button>
`;

exports[`Snapshots > matches snapshot for ghost variant with neutral color, lg size, and square shape 1`] = `
<button
  class="font-medium whitespace-nowrap select-none cursor-pointer disabled:cursor-not-allowed transition-colors duration-200 motion-reduce:transition-none ring-offset-dark focus-visible:ring-2 focus-visible:ring-offset-2 focus-visible:outline-none text-lg px-5 py-2.5 rounded-md text-neutral-400 bg-transparent hover:text-dark hover:bg-neutral-400/60 active:bg-neutral-400/60 focus-visible:ring-neutral-400 disabled:opacity-60 disabled:hover:text-neutral-400 disabled:hover:bg-transparent disabled:active:bg-transparent"
  type="button"
>
  Button
</button>
`;

exports[`Snapshots > matches snapshot for ghost variant with neutral color, md size, and circle shape 1`] = `
<button
  class="font-medium whitespace-nowrap select-none cursor-pointer disabled:cursor-not-allowed transition-colors duration-200 motion-reduce:transition-none ring-offset-dark focus-visible:ring-2 focus-visible:ring-offset-2 focus-visible:outline-none text-base px-4 py-2 rounded-full text-neutral-400 bg-transparent hover:text-dark hover:bg-neutral-400/60 active:bg-neutral-400/60 focus-visible:ring-neutral-400 disabled:opacity-60 disabled:hover:text-neutral-400 disabled:hover:bg-transparent disabled:active:bg-transparent"
  type="button"
>
  Button
</button>
`;

exports[`Snapshots > matches snapshot for ghost variant with neutral color, md size, and square shape 1`] = `
<button
  class="font-medium whitespace-nowrap select-none cursor-pointer disabled:cursor-not-allowed transition-colors duration-200 motion-reduce:transition-none ring-offset-dark focus-visible:ring-2 focus-visible:ring-offset-2 focus-visible:outline-none text-base px-4 py-2 rounded-md text-neutral-400 bg-transparent hover:text-dark hover:bg-neutral-400/60 active:bg-neutral-400/60 focus-visible:ring-neutral-400 disabled:opacity-60 disabled:hover:text-neutral-400 disabled:hover:bg-transparent disabled:active:bg-transparent"
  type="button"
>
  Button
</button>
`;

exports[`Snapshots > matches snapshot for ghost variant with neutral color, sm size, and circle shape 1`] = `
<button
  class="font-medium whitespace-nowrap select-none cursor-pointer disabled:cursor-not-allowed transition-colors duration-200 motion-reduce:transition-none ring-offset-dark focus-visible:ring-2 focus-visible:ring-offset-2 focus-visible:outline-none text-sm px-3 py-1.5 rounded-full text-neutral-400 bg-transparent hover:text-dark hover:bg-neutral-400/60 active:bg-neutral-400/60 focus-visible:ring-neutral-400 disabled:opacity-60 disabled:hover:text-neutral-400 disabled:hover:bg-transparent disabled:active:bg-transparent"
  type="button"
>
  Button
</button>
`;

exports[`Snapshots > matches snapshot for ghost variant with neutral color, sm size, and square shape 1`] = `
<button
  class="font-medium whitespace-nowrap select-none cursor-pointer disabled:cursor-not-allowed transition-colors duration-200 motion-reduce:transition-none ring-offset-dark focus-visible:ring-2 focus-visible:ring-offset-2 focus-visible:outline-none text-sm px-3 py-1.5 rounded-md text-neutral-400 bg-transparent hover:text-dark hover:bg-neutral-400/60 active:bg-neutral-400/60 focus-visible:ring-neutral-400 disabled:opacity-60 disabled:hover:text-neutral-400 disabled:hover:bg-transparent disabled:active:bg-transparent"
  type="button"
>
  Button
</button>
`;

exports[`Snapshots > matches snapshot for ghost variant with primary color, lg size, and circle shape 1`] = `
<button
  class="font-medium whitespace-nowrap select-none cursor-pointer disabled:cursor-not-allowed transition-colors duration-200 motion-reduce:transition-none ring-offset-dark focus-visible:ring-2 focus-visible:ring-offset-2 focus-visible:outline-none text-lg px-5 py-2.5 rounded-full text-primary-500 bg-transparent hover:text-dark hover:bg-primary-500/60 active:bg-primary-500/60 focus-visible:ring-primary-500 disabled:opacity-60 disabled:hover:text-primary-500 disabled:hover:bg-transparent disabled:active:bg-transparent"
  type="button"
>
  Button
</button>
`;

exports[`Snapshots > matches snapshot for ghost variant with primary color, lg size, and square shape 1`] = `
<button
  class="font-medium whitespace-nowrap select-none cursor-pointer disabled:cursor-not-allowed transition-colors duration-200 motion-reduce:transition-none ring-offset-dark focus-visible:ring-2 focus-visible:ring-offset-2 focus-visible:outline-none text-lg px-5 py-2.5 rounded-md text-primary-500 bg-transparent hover:text-dark hover:bg-primary-500/60 active:bg-primary-500/60 focus-visible:ring-primary-500 disabled:opacity-60 disabled:hover:text-primary-500 disabled:hover:bg-transparent disabled:active:bg-transparent"
  type="button"
>
  Button
</button>
`;

exports[`Snapshots > matches snapshot for ghost variant with primary color, md size, and circle shape 1`] = `
<button
  class="font-medium whitespace-nowrap select-none cursor-pointer disabled:cursor-not-allowed transition-colors duration-200 motion-reduce:transition-none ring-offset-dark focus-visible:ring-2 focus-visible:ring-offset-2 focus-visible:outline-none text-base px-4 py-2 rounded-full text-primary-500 bg-transparent hover:text-dark hover:bg-primary-500/60 active:bg-primary-500/60 focus-visible:ring-primary-500 disabled:opacity-60 disabled:hover:text-primary-500 disabled:hover:bg-transparent disabled:active:bg-transparent"
  type="button"
>
  Button
</button>
`;

exports[`Snapshots > matches snapshot for ghost variant with primary color, md size, and square shape 1`] = `
<button
  class="font-medium whitespace-nowrap select-none cursor-pointer disabled:cursor-not-allowed transition-colors duration-200 motion-reduce:transition-none ring-offset-dark focus-visible:ring-2 focus-visible:ring-offset-2 focus-visible:outline-none text-base px-4 py-2 rounded-md text-primary-500 bg-transparent hover:text-dark hover:bg-primary-500/60 active:bg-primary-500/60 focus-visible:ring-primary-500 disabled:opacity-60 disabled:hover:text-primary-500 disabled:hover:bg-transparent disabled:active:bg-transparent"
  type="button"
>
  Button
</button>
`;

exports[`Snapshots > matches snapshot for ghost variant with primary color, sm size, and circle shape 1`] = `
<button
  class="font-medium whitespace-nowrap select-none cursor-pointer disabled:cursor-not-allowed transition-colors duration-200 motion-reduce:transition-none ring-offset-dark focus-visible:ring-2 focus-visible:ring-offset-2 focus-visible:outline-none text-sm px-3 py-1.5 rounded-full text-primary-500 bg-transparent hover:text-dark hover:bg-primary-500/60 active:bg-primary-500/60 focus-visible:ring-primary-500 disabled:opacity-60 disabled:hover:text-primary-500 disabled:hover:bg-transparent disabled:active:bg-transparent"
  type="button"
>
  Button
</button>
`;

exports[`Snapshots > matches snapshot for ghost variant with primary color, sm size, and square shape 1`] = `
<button
  class="font-medium whitespace-nowrap select-none cursor-pointer disabled:cursor-not-allowed transition-colors duration-200 motion-reduce:transition-none ring-offset-dark focus-visible:ring-2 focus-visible:ring-offset-2 focus-visible:outline-none text-sm px-3 py-1.5 rounded-md text-primary-500 bg-transparent hover:text-dark hover:bg-primary-500/60 active:bg-primary-500/60 focus-visible:ring-primary-500 disabled:opacity-60 disabled:hover:text-primary-500 disabled:hover:bg-transparent disabled:active:bg-transparent"
  type="button"
>
  Button
</button>
`;

exports[`Snapshots > matches snapshot for ghost variant with secondary color, lg size, and circle shape 1`] = `
<button
  class="font-medium whitespace-nowrap select-none cursor-pointer disabled:cursor-not-allowed transition-colors duration-200 motion-reduce:transition-none ring-offset-dark focus-visible:ring-2 focus-visible:ring-offset-2 focus-visible:outline-none text-lg px-5 py-2.5 rounded-full text-secondary-500 bg-transparent hover:text-dark hover:bg-secondary-500/60 active:bg-secondary-500/60 focus-visible:ring-secondary-500 disabled:opacity-60 disabled:hover:text-secondary-500 disabled:hover:bg-transparent disabled:active:bg-transparent"
  type="button"
>
  Button
</button>
`;

exports[`Snapshots > matches snapshot for ghost variant with secondary color, lg size, and square shape 1`] = `
<button
  class="font-medium whitespace-nowrap select-none cursor-pointer disabled:cursor-not-allowed transition-colors duration-200 motion-reduce:transition-none ring-offset-dark focus-visible:ring-2 focus-visible:ring-offset-2 focus-visible:outline-none text-lg px-5 py-2.5 rounded-md text-secondary-500 bg-transparent hover:text-dark hover:bg-secondary-500/60 active:bg-secondary-500/60 focus-visible:ring-secondary-500 disabled:opacity-60 disabled:hover:text-secondary-500 disabled:hover:bg-transparent disabled:active:bg-transparent"
  type="button"
>
  Button
</button>
`;

exports[`Snapshots > matches snapshot for ghost variant with secondary color, md size, and circle shape 1`] = `
<button
  class="font-medium whitespace-nowrap select-none cursor-pointer disabled:cursor-not-allowed transition-colors duration-200 motion-reduce:transition-none ring-offset-dark focus-visible:ring-2 focus-visible:ring-offset-2 focus-visible:outline-none text-base px-4 py-2 rounded-full text-secondary-500 bg-transparent hover:text-dark hover:bg-secondary-500/60 active:bg-secondary-500/60 focus-visible:ring-secondary-500 disabled:opacity-60 disabled:hover:text-secondary-500 disabled:hover:bg-transparent disabled:active:bg-transparent"
  type="button"
>
  Button
</button>
`;

exports[`Snapshots > matches snapshot for ghost variant with secondary color, md size, and square shape 1`] = `
<button
  class="font-medium whitespace-nowrap select-none cursor-pointer disabled:cursor-not-allowed transition-colors duration-200 motion-reduce:transition-none ring-offset-dark focus-visible:ring-2 focus-visible:ring-offset-2 focus-visible:outline-none text-base px-4 py-2 rounded-md text-secondary-500 bg-transparent hover:text-dark hover:bg-secondary-500/60 active:bg-secondary-500/60 focus-visible:ring-secondary-500 disabled:opacity-60 disabled:hover:text-secondary-500 disabled:hover:bg-transparent disabled:active:bg-transparent"
  type="button"
>
  Button
</button>
`;

exports[`Snapshots > matches snapshot for ghost variant with secondary color, sm size, and circle shape 1`] = `
<button
  class="font-medium whitespace-nowrap select-none cursor-pointer disabled:cursor-not-allowed transition-colors duration-200 motion-reduce:transition-none ring-offset-dark focus-visible:ring-2 focus-visible:ring-offset-2 focus-visible:outline-none text-sm px-3 py-1.5 rounded-full text-secondary-500 bg-transparent hover:text-dark hover:bg-secondary-500/60 active:bg-secondary-500/60 focus-visible:ring-secondary-500 disabled:opacity-60 disabled:hover:text-secondary-500 disabled:hover:bg-transparent disabled:active:bg-transparent"
  type="button"
>
  Button
</button>
`;

exports[`Snapshots > matches snapshot for ghost variant with secondary color, sm size, and square shape 1`] = `
<button
  class="font-medium whitespace-nowrap select-none cursor-pointer disabled:cursor-not-allowed transition-colors duration-200 motion-reduce:transition-none ring-offset-dark focus-visible:ring-2 focus-visible:ring-offset-2 focus-visible:outline-none text-sm px-3 py-1.5 rounded-md text-secondary-500 bg-transparent hover:text-dark hover:bg-secondary-500/60 active:bg-secondary-500/60 focus-visible:ring-secondary-500 disabled:opacity-60 disabled:hover:text-secondary-500 disabled:hover:bg-transparent disabled:active:bg-transparent"
  type="button"
>
  Button
</button>
`;

exports[`Snapshots > matches snapshot for outlined variant with neutral color, lg size, and circle shape 1`] = `
<button
  class="font-medium whitespace-nowrap select-none cursor-pointer disabled:cursor-not-allowed transition-colors duration-200 motion-reduce:transition-none ring-offset-dark focus-visible:ring-2 focus-visible:ring-offset-2 focus-visible:outline-none text-lg px-5 py-2.5 rounded-full text-neutral-400 bg-transparent border border-neutral-400 hover:border-neutral-300 active:border-neutral-300 hover:bg-neutral-400/20 active:bg-neutral-400/20 focus-visible:ring-neutral-400 disabled:opacity-60 disabled:hover:border-neutral-400 disabled:active:border-neutral-400"
  type="button"
>
  Button
</button>
`;

exports[`Snapshots > matches snapshot for outlined variant with neutral color, lg size, and square shape 1`] = `
<button
  class="font-medium whitespace-nowrap select-none cursor-pointer disabled:cursor-not-allowed transition-colors duration-200 motion-reduce:transition-none ring-offset-dark focus-visible:ring-2 focus-visible:ring-offset-2 focus-visible:outline-none text-lg px-5 py-2.5 rounded-md text-neutral-400 bg-transparent border border-neutral-400 hover:border-neutral-300 active:border-neutral-300 hover:bg-neutral-400/20 active:bg-neutral-400/20 focus-visible:ring-neutral-400 disabled:opacity-60 disabled:hover:border-neutral-400 disabled:active:border-neutral-400"
  type="button"
>
  Button
</button>
`;

exports[`Snapshots > matches snapshot for outlined variant with neutral color, md size, and circle shape 1`] = `
<button
  class="font-medium whitespace-nowrap select-none cursor-pointer disabled:cursor-not-allowed transition-colors duration-200 motion-reduce:transition-none ring-offset-dark focus-visible:ring-2 focus-visible:ring-offset-2 focus-visible:outline-none text-base px-4 py-2 rounded-full text-neutral-400 bg-transparent border border-neutral-400 hover:border-neutral-300 active:border-neutral-300 hover:bg-neutral-400/20 active:bg-neutral-400/20 focus-visible:ring-neutral-400 disabled:opacity-60 disabled:hover:border-neutral-400 disabled:active:border-neutral-400"
  type="button"
>
  Button
</button>
`;

exports[`Snapshots > matches snapshot for outlined variant with neutral color, md size, and square shape 1`] = `
<button
  class="font-medium whitespace-nowrap select-none cursor-pointer disabled:cursor-not-allowed transition-colors duration-200 motion-reduce:transition-none ring-offset-dark focus-visible:ring-2 focus-visible:ring-offset-2 focus-visible:outline-none text-base px-4 py-2 rounded-md text-neutral-400 bg-transparent border border-neutral-400 hover:border-neutral-300 active:border-neutral-300 hover:bg-neutral-400/20 active:bg-neutral-400/20 focus-visible:ring-neutral-400 disabled:opacity-60 disabled:hover:border-neutral-400 disabled:active:border-neutral-400"
  type="button"
>
  Button
</button>
`;

exports[`Snapshots > matches snapshot for outlined variant with neutral color, sm size, and circle shape 1`] = `
<button
  class="font-medium whitespace-nowrap select-none cursor-pointer disabled:cursor-not-allowed transition-colors duration-200 motion-reduce:transition-none ring-offset-dark focus-visible:ring-2 focus-visible:ring-offset-2 focus-visible:outline-none text-sm px-3 py-1.5 rounded-full text-neutral-400 bg-transparent border border-neutral-400 hover:border-neutral-300 active:border-neutral-300 hover:bg-neutral-400/20 active:bg-neutral-400/20 focus-visible:ring-neutral-400 disabled:opacity-60 disabled:hover:border-neutral-400 disabled:active:border-neutral-400"
  type="button"
>
  Button
</button>
`;

exports[`Snapshots > matches snapshot for outlined variant with neutral color, sm size, and square shape 1`] = `
<button
  class="font-medium whitespace-nowrap select-none cursor-pointer disabled:cursor-not-allowed transition-colors duration-200 motion-reduce:transition-none ring-offset-dark focus-visible:ring-2 focus-visible:ring-offset-2 focus-visible:outline-none text-sm px-3 py-1.5 rounded-md text-neutral-400 bg-transparent border border-neutral-400 hover:border-neutral-300 active:border-neutral-300 hover:bg-neutral-400/20 active:bg-neutral-400/20 focus-visible:ring-neutral-400 disabled:opacity-60 disabled:hover:border-neutral-400 disabled:active:border-neutral-400"
  type="button"
>
  Button
</button>
`;

exports[`Snapshots > matches snapshot for outlined variant with primary color, lg size, and circle shape 1`] = `
<button
  class="font-medium whitespace-nowrap select-none cursor-pointer disabled:cursor-not-allowed transition-colors duration-200 motion-reduce:transition-none ring-offset-dark focus-visible:ring-2 focus-visible:ring-offset-2 focus-visible:outline-none text-lg px-5 py-2.5 rounded-full text-primary-500 bg-transparent border border-primary-500 hover:border-primary-400 active:border-primary-400 hover:bg-primary-500/20 active:bg-primary-500/20 focus-visible:ring-primary-500 disabled:opacity-60 disabled:hover:border-primary-500 disabled:active:border-primary-500"
  type="button"
>
  Button
</button>
`;

exports[`Snapshots > matches snapshot for outlined variant with primary color, lg size, and square shape 1`] = `
<button
  class="font-medium whitespace-nowrap select-none cursor-pointer disabled:cursor-not-allowed transition-colors duration-200 motion-reduce:transition-none ring-offset-dark focus-visible:ring-2 focus-visible:ring-offset-2 focus-visible:outline-none text-lg px-5 py-2.5 rounded-md text-primary-500 bg-transparent border border-primary-500 hover:border-primary-400 active:border-primary-400 hover:bg-primary-500/20 active:bg-primary-500/20 focus-visible:ring-primary-500 disabled:opacity-60 disabled:hover:border-primary-500 disabled:active:border-primary-500"
  type="button"
>
  Button
</button>
`;

exports[`Snapshots > matches snapshot for outlined variant with primary color, md size, and circle shape 1`] = `
<button
  class="font-medium whitespace-nowrap select-none cursor-pointer disabled:cursor-not-allowed transition-colors duration-200 motion-reduce:transition-none ring-offset-dark focus-visible:ring-2 focus-visible:ring-offset-2 focus-visible:outline-none text-base px-4 py-2 rounded-full text-primary-500 bg-transparent border border-primary-500 hover:border-primary-400 active:border-primary-400 hover:bg-primary-500/20 active:bg-primary-500/20 focus-visible:ring-primary-500 disabled:opacity-60 disabled:hover:border-primary-500 disabled:active:border-primary-500"
  type="button"
>
  Button
</button>
`;

exports[`Snapshots > matches snapshot for outlined variant with primary color, md size, and square shape 1`] = `
<button
  class="font-medium whitespace-nowrap select-none cursor-pointer disabled:cursor-not-allowed transition-colors duration-200 motion-reduce:transition-none ring-offset-dark focus-visible:ring-2 focus-visible:ring-offset-2 focus-visible:outline-none text-base px-4 py-2 rounded-md text-primary-500 bg-transparent border border-primary-500 hover:border-primary-400 active:border-primary-400 hover:bg-primary-500/20 active:bg-primary-500/20 focus-visible:ring-primary-500 disabled:opacity-60 disabled:hover:border-primary-500 disabled:active:border-primary-500"
  type="button"
>
  Button
</button>
`;

exports[`Snapshots > matches snapshot for outlined variant with primary color, sm size, and circle shape 1`] = `
<button
  class="font-medium whitespace-nowrap select-none cursor-pointer disabled:cursor-not-allowed transition-colors duration-200 motion-reduce:transition-none ring-offset-dark focus-visible:ring-2 focus-visible:ring-offset-2 focus-visible:outline-none text-sm px-3 py-1.5 rounded-full text-primary-500 bg-transparent border border-primary-500 hover:border-primary-400 active:border-primary-400 hover:bg-primary-500/20 active:bg-primary-500/20 focus-visible:ring-primary-500 disabled:opacity-60 disabled:hover:border-primary-500 disabled:active:border-primary-500"
  type="button"
>
  Button
</button>
`;

exports[`Snapshots > matches snapshot for outlined variant with primary color, sm size, and square shape 1`] = `
<button
  class="font-medium whitespace-nowrap select-none cursor-pointer disabled:cursor-not-allowed transition-colors duration-200 motion-reduce:transition-none ring-offset-dark focus-visible:ring-2 focus-visible:ring-offset-2 focus-visible:outline-none text-sm px-3 py-1.5 rounded-md text-primary-500 bg-transparent border border-primary-500 hover:border-primary-400 active:border-primary-400 hover:bg-primary-500/20 active:bg-primary-500/20 focus-visible:ring-primary-500 disabled:opacity-60 disabled:hover:border-primary-500 disabled:active:border-primary-500"
  type="button"
>
  Button
</button>
`;

exports[`Snapshots > matches snapshot for outlined variant with secondary color, lg size, and circle shape 1`] = `
<button
  class="font-medium whitespace-nowrap select-none cursor-pointer disabled:cursor-not-allowed transition-colors duration-200 motion-reduce:transition-none ring-offset-dark focus-visible:ring-2 focus-visible:ring-offset-2 focus-visible:outline-none text-lg px-5 py-2.5 rounded-full text-white bg-transparent border border-secondary-500 hover:border-secondary-400 active:border-secondary-400 hover:bg-secondary-500/20 active:bg-secondary-500/20 focus-visible:ring-secondary-500 disabled:opacity-60 disabled:hover:border-secondary-500 disabled:active:border-secondary-500"
  type="button"
>
  Button
</button>
`;

exports[`Snapshots > matches snapshot for outlined variant with secondary color, lg size, and square shape 1`] = `
<button
  class="font-medium whitespace-nowrap select-none cursor-pointer disabled:cursor-not-allowed transition-colors duration-200 motion-reduce:transition-none ring-offset-dark focus-visible:ring-2 focus-visible:ring-offset-2 focus-visible:outline-none text-lg px-5 py-2.5 rounded-md text-white bg-transparent border border-secondary-500 hover:border-secondary-400 active:border-secondary-400 hover:bg-secondary-500/20 active:bg-secondary-500/20 focus-visible:ring-secondary-500 disabled:opacity-60 disabled:hover:border-secondary-500 disabled:active:border-secondary-500"
  type="button"
>
  Button
</button>
`;

exports[`Snapshots > matches snapshot for outlined variant with secondary color, md size, and circle shape 1`] = `
<button
  class="font-medium whitespace-nowrap select-none cursor-pointer disabled:cursor-not-allowed transition-colors duration-200 motion-reduce:transition-none ring-offset-dark focus-visible:ring-2 focus-visible:ring-offset-2 focus-visible:outline-none text-base px-4 py-2 rounded-full text-white bg-transparent border border-secondary-500 hover:border-secondary-400 active:border-secondary-400 hover:bg-secondary-500/20 active:bg-secondary-500/20 focus-visible:ring-secondary-500 disabled:opacity-60 disabled:hover:border-secondary-500 disabled:active:border-secondary-500"
  type="button"
>
  Button
</button>
`;

exports[`Snapshots > matches snapshot for outlined variant with secondary color, md size, and square shape 1`] = `
<button
  class="font-medium whitespace-nowrap select-none cursor-pointer disabled:cursor-not-allowed transition-colors duration-200 motion-reduce:transition-none ring-offset-dark focus-visible:ring-2 focus-visible:ring-offset-2 focus-visible:outline-none text-base px-4 py-2 rounded-md text-white bg-transparent border border-secondary-500 hover:border-secondary-400 active:border-secondary-400 hover:bg-secondary-500/20 active:bg-secondary-500/20 focus-visible:ring-secondary-500 disabled:opacity-60 disabled:hover:border-secondary-500 disabled:active:border-secondary-500"
  type="button"
>
  Button
</button>
`;

exports[`Snapshots > matches snapshot for outlined variant with secondary color, sm size, and circle shape 1`] = `
<button
  class="font-medium whitespace-nowrap select-none cursor-pointer disabled:cursor-not-allowed transition-colors duration-200 motion-reduce:transition-none ring-offset-dark focus-visible:ring-2 focus-visible:ring-offset-2 focus-visible:outline-none text-sm px-3 py-1.5 rounded-full text-white bg-transparent border border-secondary-500 hover:border-secondary-400 active:border-secondary-400 hover:bg-secondary-500/20 active:bg-secondary-500/20 focus-visible:ring-secondary-500 disabled:opacity-60 disabled:hover:border-secondary-500 disabled:active:border-secondary-500"
  type="button"
>
  Button
</button>
`;

exports[`Snapshots > matches snapshot for outlined variant with secondary color, sm size, and square shape 1`] = `
<button
  class="font-medium whitespace-nowrap select-none cursor-pointer disabled:cursor-not-allowed transition-colors duration-200 motion-reduce:transition-none ring-offset-dark focus-visible:ring-2 focus-visible:ring-offset-2 focus-visible:outline-none text-sm px-3 py-1.5 rounded-md text-white bg-transparent border border-secondary-500 hover:border-secondary-400 active:border-secondary-400 hover:bg-secondary-500/20 active:bg-secondary-500/20 focus-visible:ring-secondary-500 disabled:opacity-60 disabled:hover:border-secondary-500 disabled:active:border-secondary-500"
  type="button"
>
  Button
</button>
`;

exports[`Snapshots > matches snapshot for solid variant with neutral color, lg size, and circle shape 1`] = `
<button
  class="font-medium whitespace-nowrap select-none cursor-pointer disabled:cursor-not-allowed transition-colors duration-200 motion-reduce:transition-none ring-offset-dark focus-visible:ring-2 focus-visible:ring-offset-2 focus-visible:outline-none text-lg px-5 py-2.5 rounded-full text-dark bg-neutral-400 hover:bg-neutral-300 active:bg-neutral-300 focus-visible:ring-neutral-400 disabled:opacity-60 disabled:hover:bg-neutral-400 disabled:active:bg-neutral-400"
  type="button"
>
  Button
</button>
`;

exports[`Snapshots > matches snapshot for solid variant with neutral color, lg size, and square shape 1`] = `
<button
  class="font-medium whitespace-nowrap select-none cursor-pointer disabled:cursor-not-allowed transition-colors duration-200 motion-reduce:transition-none ring-offset-dark focus-visible:ring-2 focus-visible:ring-offset-2 focus-visible:outline-none text-lg px-5 py-2.5 rounded-md text-dark bg-neutral-400 hover:bg-neutral-300 active:bg-neutral-300 focus-visible:ring-neutral-400 disabled:opacity-60 disabled:hover:bg-neutral-400 disabled:active:bg-neutral-400"
  type="button"
>
  Button
</button>
`;

exports[`Snapshots > matches snapshot for solid variant with neutral color, md size, and circle shape 1`] = `
<button
  class="font-medium whitespace-nowrap select-none cursor-pointer disabled:cursor-not-allowed transition-colors duration-200 motion-reduce:transition-none ring-offset-dark focus-visible:ring-2 focus-visible:ring-offset-2 focus-visible:outline-none text-base px-4 py-2 rounded-full text-dark bg-neutral-400 hover:bg-neutral-300 active:bg-neutral-300 focus-visible:ring-neutral-400 disabled:opacity-60 disabled:hover:bg-neutral-400 disabled:active:bg-neutral-400"
  type="button"
>
  Button
</button>
`;

exports[`Snapshots > matches snapshot for solid variant with neutral color, md size, and square shape 1`] = `
<button
  class="font-medium whitespace-nowrap select-none cursor-pointer disabled:cursor-not-allowed transition-colors duration-200 motion-reduce:transition-none ring-offset-dark focus-visible:ring-2 focus-visible:ring-offset-2 focus-visible:outline-none text-base px-4 py-2 rounded-md text-dark bg-neutral-400 hover:bg-neutral-300 active:bg-neutral-300 focus-visible:ring-neutral-400 disabled:opacity-60 disabled:hover:bg-neutral-400 disabled:active:bg-neutral-400"
  type="button"
>
  Button
</button>
`;

exports[`Snapshots > matches snapshot for solid variant with neutral color, sm size, and circle shape 1`] = `
<button
  class="font-medium whitespace-nowrap select-none cursor-pointer disabled:cursor-not-allowed transition-colors duration-200 motion-reduce:transition-none ring-offset-dark focus-visible:ring-2 focus-visible:ring-offset-2 focus-visible:outline-none text-sm px-3 py-1.5 rounded-full text-dark bg-neutral-400 hover:bg-neutral-300 active:bg-neutral-300 focus-visible:ring-neutral-400 disabled:opacity-60 disabled:hover:bg-neutral-400 disabled:active:bg-neutral-400"
  type="button"
>
  Button
</button>
`;

exports[`Snapshots > matches snapshot for solid variant with neutral color, sm size, and square shape 1`] = `
<button
  class="font-medium whitespace-nowrap select-none cursor-pointer disabled:cursor-not-allowed transition-colors duration-200 motion-reduce:transition-none ring-offset-dark focus-visible:ring-2 focus-visible:ring-offset-2 focus-visible:outline-none text-sm px-3 py-1.5 rounded-md text-dark bg-neutral-400 hover:bg-neutral-300 active:bg-neutral-300 focus-visible:ring-neutral-400 disabled:opacity-60 disabled:hover:bg-neutral-400 disabled:active:bg-neutral-400"
  type="button"
>
  Button
</button>
`;

exports[`Snapshots > matches snapshot for solid variant with primary color, lg size, and circle shape 1`] = `
<button
  class="font-medium whitespace-nowrap select-none cursor-pointer disabled:cursor-not-allowed transition-colors duration-200 motion-reduce:transition-none ring-offset-dark focus-visible:ring-2 focus-visible:ring-offset-2 focus-visible:outline-none text-lg px-5 py-2.5 rounded-full text-dark bg-primary-500 hover:bg-primary-400 active:bg-primary-400 focus-visible:ring-primary-500 disabled:opacity-60 disabled:hover:bg-primary-500 disabled:active:bg-primary-500"
  type="button"
>
  Button
</button>
`;

exports[`Snapshots > matches snapshot for solid variant with primary color, lg size, and square shape 1`] = `
<button
  class="font-medium whitespace-nowrap select-none cursor-pointer disabled:cursor-not-allowed transition-colors duration-200 motion-reduce:transition-none ring-offset-dark focus-visible:ring-2 focus-visible:ring-offset-2 focus-visible:outline-none text-lg px-5 py-2.5 rounded-md text-dark bg-primary-500 hover:bg-primary-400 active:bg-primary-400 focus-visible:ring-primary-500 disabled:opacity-60 disabled:hover:bg-primary-500 disabled:active:bg-primary-500"
  type="button"
>
  Button
</button>
`;

exports[`Snapshots > matches snapshot for solid variant with primary color, md size, and circle shape 1`] = `
<button
  class="font-medium whitespace-nowrap select-none cursor-pointer disabled:cursor-not-allowed transition-colors duration-200 motion-reduce:transition-none ring-offset-dark focus-visible:ring-2 focus-visible:ring-offset-2 focus-visible:outline-none text-base px-4 py-2 rounded-full text-dark bg-primary-500 hover:bg-primary-400 active:bg-primary-400 focus-visible:ring-primary-500 disabled:opacity-60 disabled:hover:bg-primary-500 disabled:active:bg-primary-500"
  type="button"
>
  Button
</button>
`;

exports[`Snapshots > matches snapshot for solid variant with primary color, md size, and square shape 1`] = `
<button
  class="font-medium whitespace-nowrap select-none cursor-pointer disabled:cursor-not-allowed transition-colors duration-200 motion-reduce:transition-none ring-offset-dark focus-visible:ring-2 focus-visible:ring-offset-2 focus-visible:outline-none text-base px-4 py-2 rounded-md text-dark bg-primary-500 hover:bg-primary-400 active:bg-primary-400 focus-visible:ring-primary-500 disabled:opacity-60 disabled:hover:bg-primary-500 disabled:active:bg-primary-500"
  type="button"
>
  Button
</button>
`;

exports[`Snapshots > matches snapshot for solid variant with primary color, sm size, and circle shape 1`] = `
<button
  class="font-medium whitespace-nowrap select-none cursor-pointer disabled:cursor-not-allowed transition-colors duration-200 motion-reduce:transition-none ring-offset-dark focus-visible:ring-2 focus-visible:ring-offset-2 focus-visible:outline-none text-sm px-3 py-1.5 rounded-full text-dark bg-primary-500 hover:bg-primary-400 active:bg-primary-400 focus-visible:ring-primary-500 disabled:opacity-60 disabled:hover:bg-primary-500 disabled:active:bg-primary-500"
  type="button"
>
  Button
</button>
`;

exports[`Snapshots > matches snapshot for solid variant with primary color, sm size, and square shape 1`] = `
<button
  class="font-medium whitespace-nowrap select-none cursor-pointer disabled:cursor-not-allowed transition-colors duration-200 motion-reduce:transition-none ring-offset-dark focus-visible:ring-2 focus-visible:ring-offset-2 focus-visible:outline-none text-sm px-3 py-1.5 rounded-md text-dark bg-primary-500 hover:bg-primary-400 active:bg-primary-400 focus-visible:ring-primary-500 disabled:opacity-60 disabled:hover:bg-primary-500 disabled:active:bg-primary-500"
  type="button"
>
  Button
</button>
`;

exports[`Snapshots > matches snapshot for solid variant with secondary color, lg size, and circle shape 1`] = `
<button
  class="font-medium whitespace-nowrap select-none cursor-pointer disabled:cursor-not-allowed transition-colors duration-200 motion-reduce:transition-none ring-offset-dark focus-visible:ring-2 focus-visible:ring-offset-2 focus-visible:outline-none text-lg px-5 py-2.5 rounded-full text-dark bg-secondary-500 hover:bg-secondary-400 active:bg-secondary-400 focus-visible:ring-secondary-500 disabled:opacity-60 disabled:hover:bg-secondary-500 disabled:active:bg-secondary-500"
  type="button"
>
  Button
</button>
`;

exports[`Snapshots > matches snapshot for solid variant with secondary color, lg size, and square shape 1`] = `
<button
  class="font-medium whitespace-nowrap select-none cursor-pointer disabled:cursor-not-allowed transition-colors duration-200 motion-reduce:transition-none ring-offset-dark focus-visible:ring-2 focus-visible:ring-offset-2 focus-visible:outline-none text-lg px-5 py-2.5 rounded-md text-dark bg-secondary-500 hover:bg-secondary-400 active:bg-secondary-400 focus-visible:ring-secondary-500 disabled:opacity-60 disabled:hover:bg-secondary-500 disabled:active:bg-secondary-500"
  type="button"
>
  Button
</button>
`;

exports[`Snapshots > matches snapshot for solid variant with secondary color, md size, and circle shape 1`] = `
<button
  class="font-medium whitespace-nowrap select-none cursor-pointer disabled:cursor-not-allowed transition-colors duration-200 motion-reduce:transition-none ring-offset-dark focus-visible:ring-2 focus-visible:ring-offset-2 focus-visible:outline-none text-base px-4 py-2 rounded-full text-dark bg-secondary-500 hover:bg-secondary-400 active:bg-secondary-400 focus-visible:ring-secondary-500 disabled:opacity-60 disabled:hover:bg-secondary-500 disabled:active:bg-secondary-500"
  type="button"
>
  Button
</button>
`;

exports[`Snapshots > matches snapshot for solid variant with secondary color, md size, and square shape 1`] = `
<button
  class="font-medium whitespace-nowrap select-none cursor-pointer disabled:cursor-not-allowed transition-colors duration-200 motion-reduce:transition-none ring-offset-dark focus-visible:ring-2 focus-visible:ring-offset-2 focus-visible:outline-none text-base px-4 py-2 rounded-md text-dark bg-secondary-500 hover:bg-secondary-400 active:bg-secondary-400 focus-visible:ring-secondary-500 disabled:opacity-60 disabled:hover:bg-secondary-500 disabled:active:bg-secondary-500"
  type="button"
>
  Button
</button>
`;

exports[`Snapshots > matches snapshot for solid variant with secondary color, sm size, and circle shape 1`] = `
<button
  class="font-medium whitespace-nowrap select-none cursor-pointer disabled:cursor-not-allowed transition-colors duration-200 motion-reduce:transition-none ring-offset-dark focus-visible:ring-2 focus-visible:ring-offset-2 focus-visible:outline-none text-sm px-3 py-1.5 rounded-full text-dark bg-secondary-500 hover:bg-secondary-400 active:bg-secondary-400 focus-visible:ring-secondary-500 disabled:opacity-60 disabled:hover:bg-secondary-500 disabled:active:bg-secondary-500"
  type="button"
>
  Button
</button>
`;

exports[`Snapshots > matches snapshot for solid variant with secondary color, sm size, and square shape 1`] = `
<button
  class="font-medium whitespace-nowrap select-none cursor-pointer disabled:cursor-not-allowed transition-colors duration-200 motion-reduce:transition-none ring-offset-dark focus-visible:ring-2 focus-visible:ring-offset-2 focus-visible:outline-none text-sm px-3 py-1.5 rounded-md text-dark bg-secondary-500 hover:bg-secondary-400 active:bg-secondary-400 focus-visible:ring-secondary-500 disabled:opacity-60 disabled:hover:bg-secondary-500 disabled:active:bg-secondary-500"
  type="button"
>
  Button
</button>
`;

exports[`Snapshots > matches snapshot for text variant with neutral color, lg size, and circle shape 1`] = `
<button
  class="font-medium whitespace-nowrap select-none cursor-pointer disabled:cursor-not-allowed transition-colors duration-200 motion-reduce:transition-none ring-offset-dark focus-visible:ring-2 focus-visible:ring-offset-2 focus-visible:outline-none text-lg px-5 py-2.5 rounded-full text-neutral-400 hover:text-neutral-300 active:text-neutral-300 focus-visible:ring-neutral-400 disabled:opacity-60 disabled:hover:text-neutral-400 disabled:hover:bg-transparent disabled:active:bg-transparent"
  type="button"
>
  Button
</button>
`;

exports[`Snapshots > matches snapshot for text variant with neutral color, lg size, and square shape 1`] = `
<button
  class="font-medium whitespace-nowrap select-none cursor-pointer disabled:cursor-not-allowed transition-colors duration-200 motion-reduce:transition-none ring-offset-dark focus-visible:ring-2 focus-visible:ring-offset-2 focus-visible:outline-none text-lg px-5 py-2.5 rounded-md text-neutral-400 hover:text-neutral-300 active:text-neutral-300 focus-visible:ring-neutral-400 disabled:opacity-60 disabled:hover:text-neutral-400 disabled:hover:bg-transparent disabled:active:bg-transparent"
  type="button"
>
  Button
</button>
`;

exports[`Snapshots > matches snapshot for text variant with neutral color, md size, and circle shape 1`] = `
<button
  class="font-medium whitespace-nowrap select-none cursor-pointer disabled:cursor-not-allowed transition-colors duration-200 motion-reduce:transition-none ring-offset-dark focus-visible:ring-2 focus-visible:ring-offset-2 focus-visible:outline-none text-base px-4 py-2 rounded-full text-neutral-400 hover:text-neutral-300 active:text-neutral-300 focus-visible:ring-neutral-400 disabled:opacity-60 disabled:hover:text-neutral-400 disabled:hover:bg-transparent disabled:active:bg-transparent"
  type="button"
>
  Button
</button>
`;

exports[`Snapshots > matches snapshot for text variant with neutral color, md size, and square shape 1`] = `
<button
  class="font-medium whitespace-nowrap select-none cursor-pointer disabled:cursor-not-allowed transition-colors duration-200 motion-reduce:transition-none ring-offset-dark focus-visible:ring-2 focus-visible:ring-offset-2 focus-visible:outline-none text-base px-4 py-2 rounded-md text-neutral-400 hover:text-neutral-300 active:text-neutral-300 focus-visible:ring-neutral-400 disabled:opacity-60 disabled:hover:text-neutral-400 disabled:hover:bg-transparent disabled:active:bg-transparent"
  type="button"
>
  Button
</button>
`;

exports[`Snapshots > matches snapshot for text variant with neutral color, sm size, and circle shape 1`] = `
<button
  class="font-medium whitespace-nowrap select-none cursor-pointer disabled:cursor-not-allowed transition-colors duration-200 motion-reduce:transition-none ring-offset-dark focus-visible:ring-2 focus-visible:ring-offset-2 focus-visible:outline-none text-sm px-3 py-1.5 rounded-full text-neutral-400 hover:text-neutral-300 active:text-neutral-300 focus-visible:ring-neutral-400 disabled:opacity-60 disabled:hover:text-neutral-400 disabled:hover:bg-transparent disabled:active:bg-transparent"
  type="button"
>
  Button
</button>
`;

exports[`Snapshots > matches snapshot for text variant with neutral color, sm size, and square shape 1`] = `
<button
  class="font-medium whitespace-nowrap select-none cursor-pointer disabled:cursor-not-allowed transition-colors duration-200 motion-reduce:transition-none ring-offset-dark focus-visible:ring-2 focus-visible:ring-offset-2 focus-visible:outline-none text-sm px-3 py-1.5 rounded-md text-neutral-400 hover:text-neutral-300 active:text-neutral-300 focus-visible:ring-neutral-400 disabled:opacity-60 disabled:hover:text-neutral-400 disabled:hover:bg-transparent disabled:active:bg-transparent"
  type="button"
>
  Button
</button>
`;

exports[`Snapshots > matches snapshot for text variant with primary color, lg size, and circle shape 1`] = `
<button
  class="font-medium whitespace-nowrap select-none cursor-pointer disabled:cursor-not-allowed transition-colors duration-200 motion-reduce:transition-none ring-offset-dark focus-visible:ring-2 focus-visible:ring-offset-2 focus-visible:outline-none text-lg px-5 py-2.5 rounded-full text-primary-500 hover:text-primary-400 active:text-primary-400 focus-visible:ring-primary-500 disabled:opacity-60 disabled:hover:text-primary-500 disabled:hover:bg-transparent disabled:active:bg-transparent"
  type="button"
>
  Button
</button>
`;

exports[`Snapshots > matches snapshot for text variant with primary color, lg size, and square shape 1`] = `
<button
  class="font-medium whitespace-nowrap select-none cursor-pointer disabled:cursor-not-allowed transition-colors duration-200 motion-reduce:transition-none ring-offset-dark focus-visible:ring-2 focus-visible:ring-offset-2 focus-visible:outline-none text-lg px-5 py-2.5 rounded-md text-primary-500 hover:text-primary-400 active:text-primary-400 focus-visible:ring-primary-500 disabled:opacity-60 disabled:hover:text-primary-500 disabled:hover:bg-transparent disabled:active:bg-transparent"
  type="button"
>
  Button
</button>
`;

exports[`Snapshots > matches snapshot for text variant with primary color, md size, and circle shape 1`] = `
<button
  class="font-medium whitespace-nowrap select-none cursor-pointer disabled:cursor-not-allowed transition-colors duration-200 motion-reduce:transition-none ring-offset-dark focus-visible:ring-2 focus-visible:ring-offset-2 focus-visible:outline-none text-base px-4 py-2 rounded-full text-primary-500 hover:text-primary-400 active:text-primary-400 focus-visible:ring-primary-500 disabled:opacity-60 disabled:hover:text-primary-500 disabled:hover:bg-transparent disabled:active:bg-transparent"
  type="button"
>
  Button
</button>
`;

exports[`Snapshots > matches snapshot for text variant with primary color, md size, and square shape 1`] = `
<button
  class="font-medium whitespace-nowrap select-none cursor-pointer disabled:cursor-not-allowed transition-colors duration-200 motion-reduce:transition-none ring-offset-dark focus-visible:ring-2 focus-visible:ring-offset-2 focus-visible:outline-none text-base px-4 py-2 rounded-md text-primary-500 hover:text-primary-400 active:text-primary-400 focus-visible:ring-primary-500 disabled:opacity-60 disabled:hover:text-primary-500 disabled:hover:bg-transparent disabled:active:bg-transparent"
  type="button"
>
  Button
</button>
`;

exports[`Snapshots > matches snapshot for text variant with primary color, sm size, and circle shape 1`] = `
<button
  class="font-medium whitespace-nowrap select-none cursor-pointer disabled:cursor-not-allowed transition-colors duration-200 motion-reduce:transition-none ring-offset-dark focus-visible:ring-2 focus-visible:ring-offset-2 focus-visible:outline-none text-sm px-3 py-1.5 rounded-full text-primary-500 hover:text-primary-400 active:text-primary-400 focus-visible:ring-primary-500 disabled:opacity-60 disabled:hover:text-primary-500 disabled:hover:bg-transparent disabled:active:bg-transparent"
  type="button"
>
  Button
</button>
`;

exports[`Snapshots > matches snapshot for text variant with primary color, sm size, and square shape 1`] = `
<button
  class="font-medium whitespace-nowrap select-none cursor-pointer disabled:cursor-not-allowed transition-colors duration-200 motion-reduce:transition-none ring-offset-dark focus-visible:ring-2 focus-visible:ring-offset-2 focus-visible:outline-none text-sm px-3 py-1.5 rounded-md text-primary-500 hover:text-primary-400 active:text-primary-400 focus-visible:ring-primary-500 disabled:opacity-60 disabled:hover:text-primary-500 disabled:hover:bg-transparent disabled:active:bg-transparent"
  type="button"
>
  Button
</button>
`;

exports[`Snapshots > matches snapshot for text variant with secondary color, lg size, and circle shape 1`] = `
<button
  class="font-medium whitespace-nowrap select-none cursor-pointer disabled:cursor-not-allowed transition-colors duration-200 motion-reduce:transition-none ring-offset-dark focus-visible:ring-2 focus-visible:ring-offset-2 focus-visible:outline-none text-lg px-5 py-2.5 rounded-full text-secondary-500 hover:text-secondary-400 active:text-secondary-400 focus-visible:ring-secondary-500 disabled:opacity-60 disabled:hover:text-secondary-500 disabled:hover:bg-transparent disabled:active:bg-transparent"
  type="button"
>
  Button
</button>
`;

exports[`Snapshots > matches snapshot for text variant with secondary color, lg size, and square shape 1`] = `
<button
  class="font-medium whitespace-nowrap select-none cursor-pointer disabled:cursor-not-allowed transition-colors duration-200 motion-reduce:transition-none ring-offset-dark focus-visible:ring-2 focus-visible:ring-offset-2 focus-visible:outline-none text-lg px-5 py-2.5 rounded-md text-secondary-500 hover:text-secondary-400 active:text-secondary-400 focus-visible:ring-secondary-500 disabled:opacity-60 disabled:hover:text-secondary-500 disabled:hover:bg-transparent disabled:active:bg-transparent"
  type="button"
>
  Button
</button>
`;

exports[`Snapshots > matches snapshot for text variant with secondary color, md size, and circle shape 1`] = `
<button
  class="font-medium whitespace-nowrap select-none cursor-pointer disabled:cursor-not-allowed transition-colors duration-200 motion-reduce:transition-none ring-offset-dark focus-visible:ring-2 focus-visible:ring-offset-2 focus-visible:outline-none text-base px-4 py-2 rounded-full text-secondary-500 hover:text-secondary-400 active:text-secondary-400 focus-visible:ring-secondary-500 disabled:opacity-60 disabled:hover:text-secondary-500 disabled:hover:bg-transparent disabled:active:bg-transparent"
  type="button"
>
  Button
</button>
`;

exports[`Snapshots > matches snapshot for text variant with secondary color, md size, and square shape 1`] = `
<button
  class="font-medium whitespace-nowrap select-none cursor-pointer disabled:cursor-not-allowed transition-colors duration-200 motion-reduce:transition-none ring-offset-dark focus-visible:ring-2 focus-visible:ring-offset-2 focus-visible:outline-none text-base px-4 py-2 rounded-md text-secondary-500 hover:text-secondary-400 active:text-secondary-400 focus-visible:ring-secondary-500 disabled:opacity-60 disabled:hover:text-secondary-500 disabled:hover:bg-transparent disabled:active:bg-transparent"
  type="button"
>
  Button
</button>
`;

exports[`Snapshots > matches snapshot for text variant with secondary color, sm size, and circle shape 1`] = `
<button
  class="font-medium whitespace-nowrap select-none cursor-pointer disabled:cursor-not-allowed transition-colors duration-200 motion-reduce:transition-none ring-offset-dark focus-visible:ring-2 focus-visible:ring-offset-2 focus-visible:outline-none text-sm px-3 py-1.5 rounded-full text-secondary-500 hover:text-secondary-400 active:text-secondary-400 focus-visible:ring-secondary-500 disabled:opacity-60 disabled:hover:text-secondary-500 disabled:hover:bg-transparent disabled:active:bg-transparent"
  type="button"
>
  Button
</button>
`;

exports[`Snapshots > matches snapshot for text variant with secondary color, sm size, and square shape 1`] = `
<button
  class="font-medium whitespace-nowrap select-none cursor-pointer disabled:cursor-not-allowed transition-colors duration-200 motion-reduce:transition-none ring-offset-dark focus-visible:ring-2 focus-visible:ring-offset-2 focus-visible:outline-none text-sm px-3 py-1.5 rounded-md text-secondary-500 hover:text-secondary-400 active:text-secondary-400 focus-visible:ring-secondary-500 disabled:opacity-60 disabled:hover:text-secondary-500 disabled:hover:bg-transparent disabled:active:bg-transparent"
  type="button"
>
  Button
</button>
`;
